// Jest Snapshot v1, https://goo.gl/fbAQLP

exports[`geodesic-buffer line 1`] = `"[[[-0.08993203637245381,5.506746763075836e-18],[-1.1013507093005351e-17,-0.08993203637245381],[1.1013507093005351e-17,-0.08993203637245381],[1,-0.08993203637245381],[1.0899320363724538,-1.6520240289227505e-17],[1.0899320363724538,5.506746763075836e-18],[1.0899457355211337,0.9999987680371659],[1,1.0899320363724538],[0.9100542644788664,0.9999987680371659],[0.910066731633691,0.08993203637245381],[0,0.08993203637245381],[-0.08993203637245381,5.506746763075836e-18]]]"`;
