// Jest Snapshot v1, https://goo.gl/fbAQLP

exports[`utils buffer EPSG:4326 1`] = `"{"type":"Feature","properties":{},"geometry":{"type":"Polygon","coordinates":[[[-0.9999995516191188,-0.008992747045068894],[0.9999995516191188,-0.008992747045068894],[1.001754047353624,-0.008820126025684128],[1.0034411340345901,-0.008308543880435929],[1.004995976301368,-0.007477661054315234],[1.0063588210353056,-0.006359408792755155],[1.007477293669556,-0.0049967620044090374],[1.008308410937905,-0.003442087722890315],[1.0088202327164626,-0.0017551326357803335],[1.0089930894812216,-7.270183006104137e-7],[1.0088203382124077,0.001753706693561025],[1.0083086176967415,0.003440744948568617],[1.0074775934150761,0.004995554174030141],[1.0063592018165004,0.006358382344815391],[0.006359851703957604,1.0063593529419324],[0.004996885430445891,1.0074776919030155],[0.0034419060336789917,1.0083086901668616],[0.001754665940433942,1.0088204153551503],[5.112769941913437e-19,1.0089932036372455],[-0.0017546659404339404,1.0088204153551503],[-0.003441906033678991,1.0083086901668616],[-0.004996885430445891,1.0074776919030155],[-0.006359851703957604,1.0063593529419324],[-1.0063592018165004,0.006358382344815391],[-1.0074775934150761,0.004995554174030141],[-1.0083086176967415,0.003440744948568617],[-1.0088203382124077,0.001753706693561025],[-1.0089930894812216,-7.270183006104137e-7],[-1.0088202327164626,-0.0017551326357803335],[-1.008308410937905,-0.003442087722890315],[-1.007477293669556,-0.0049967620044090374],[-1.0063588210353056,-0.006359408792755155],[-1.004995976301368,-0.007477661054315234],[-1.0034411340345901,-0.008308543880435929],[-1.001754047353624,-0.008820126025684128],[-0.9999995516191188,-0.008992747045068894]]]}}"`;
