// Jest Snapshot v1, https://goo.gl/fbAQLP

exports[`aol.source.imageWms Geoserver Single Types filter 1 - constructor equal REGIONE='Sicilia' 1`] = `"https://demo.geo-solutions.it/geoserver/geosolutions/wms?SERVICE=WMS&VERSION=1.3.0&REQUEST=GetMap&FORMAT=image%2Fpng&TRANSPARENT=TRUE&LAYERS=geosolutions%3Aregioni&NOW=1487076708000&CQL_FILTER=(Concatenate(REGIONE)%20%3D%20'Sicilia')&CRS=EPSG%3A3044&STYLES=&WIDTH=601&HEIGHT=601&BBOX=3868955.3759058937%2C-8477.215422478504%2C5337198.375905894%2C1459765.7845775215"`;

exports[`aol.source.imageWms Geoserver Single Types filter 1 - constructor like REGIONE like %c% 1`] = `"https://demo.geo-solutions.it/geoserver/geosolutions/wms?SERVICE=WMS&VERSION=1.3.0&REQUEST=GetMap&FORMAT=image%2Fpng&TRANSPARENT=TRUE&LAYERS=geosolutions%3Aregioni&NOW=1487076708000&CQL_FILTER=(Concatenate(REGIONE)%20LIKE%20'%25c%25')&CRS=EPSG%3A3044&STYLES=&WIDTH=601&HEIGHT=601&BBOX=3868955.3759058937%2C-8477.215422478504%2C5337198.375905894%2C1459765.7845775215"`;

exports[`aol.source.imageWms Geoserver Single Types filter 1 - constructor or (REGIONE='Sicilia') or (REGIONE like %c%) 1`] = `"https://demo.geo-solutions.it/geoserver/geosolutions/wms?SERVICE=WMS&VERSION=1.3.0&REQUEST=GetMap&FORMAT=image%2Fpng&TRANSPARENT=TRUE&LAYERS=geosolutions%3Aregioni&NOW=1487076708000&CQL_FILTER=((Concatenate(REGIONE)%20%3D%20'Sicilia')%20OR%20(Concatenate(REGIONE)%20LIKE%20'%25c%25'))&CRS=EPSG%3A3044&STYLES=&WIDTH=601&HEIGHT=601&BBOX=3868955.3759058937%2C-8477.215422478504%2C5337198.375905894%2C1459765.7845775215"`;

exports[`aol.source.imageWms Geoserver Single Types filter 2 - setSourceOptions equal REGIONE='Sicilia' 1`] = `"https://demo.geo-solutions.it/geoserver/geosolutions/wms?SERVICE=WMS&VERSION=1.3.0&REQUEST=GetMap&FORMAT=image%2Fpng&TRANSPARENT=TRUE&LAYERS=geosolutions%3Aregioni&NOW=1487076708000&CQL_FILTER=(Concatenate(REGIONE)%20%3D%20'Sicilia')&CRS=EPSG%3A3044&STYLES=&WIDTH=601&HEIGHT=601&BBOX=3868955.3759058937%2C-8477.215422478504%2C5337198.375905894%2C1459765.7845775215"`;

exports[`aol.source.imageWms Geoserver Single Types filter 2 - setSourceOptions like REGIONE like %c% 1`] = `"https://demo.geo-solutions.it/geoserver/geosolutions/wms?SERVICE=WMS&VERSION=1.3.0&REQUEST=GetMap&FORMAT=image%2Fpng&TRANSPARENT=TRUE&LAYERS=geosolutions%3Aregioni&NOW=1487076708000&CQL_FILTER=(Concatenate(REGIONE)%20LIKE%20'%25c%25')&CRS=EPSG%3A3044&STYLES=&WIDTH=601&HEIGHT=601&BBOX=3868955.3759058937%2C-8477.215422478504%2C5337198.375905894%2C1459765.7845775215"`;

exports[`aol.source.imageWms Geoserver Single Types filter 2 - setSourceOptions or (REGIONE='Sicilia') or (REGIONE like %c%) 1`] = `"https://demo.geo-solutions.it/geoserver/geosolutions/wms?SERVICE=WMS&VERSION=1.3.0&REQUEST=GetMap&FORMAT=image%2Fpng&TRANSPARENT=TRUE&LAYERS=geosolutions%3Aregioni&NOW=1487076708000&CQL_FILTER=((Concatenate(REGIONE)%20%3D%20'Sicilia')%20OR%20(Concatenate(REGIONE)%20LIKE%20'%25c%25'))&CRS=EPSG%3A3044&STYLES=&WIDTH=601&HEIGHT=601&BBOX=3868955.3759058937%2C-8477.215422478504%2C5337198.375905894%2C1459765.7845775215"`;

exports[`aol.source.imageWms Geoserver Single Types filter 3 - both (REGIONE like %c%) and (COD_REG=19)  1`] = `"https://demo.geo-solutions.it/geoserver/geosolutions/wms?SERVICE=WMS&VERSION=1.3.0&REQUEST=GetMap&FORMAT=image%2Fpng&TRANSPARENT=TRUE&LAYERS=geosolutions%3Aregioni&NOW=1487076708000&CQL_FILTER=((Concatenate(REGIONE)%20LIKE%20'%25c%25')%20AND%20(COD_REG%20%3D%2019))&CRS=EPSG%3A3044&STYLES=&WIDTH=601&HEIGHT=601&BBOX=3868955.3759058937%2C-8477.215422478504%2C5337198.375905894%2C1459765.7845775215"`;
