// Jest Snapshot v1, https://goo.gl/fbAQLP

exports[`aol.source.imageArcGISRest ArcGIS Online filter 1 - constructor equal 1`] = `"https://sampleserver6.arcgisonline.com/arcgis/rest/services/USA/MapServer/export?F=image&FORMAT=PNG32&TRANSPARENT=false&LAYERS=show%3A1%2C2&now=1487076708000&LAYERDEFS=%7B%222%22%3A%22(state_name%20%3D%20'Washington')%22%7D&SIZE=157%2C179&BBOX=-173.25855613587362%2C-69.66322093921872%2C-16.25855613587362%2C109.33677906078128&BBOXSR=4326&IMAGESR=4326&DPI=90"`;

exports[`aol.source.imageArcGISRest ArcGIS Online filter 1 - constructor like 1`] = `"https://sampleserver6.arcgisonline.com/arcgis/rest/services/USA/MapServer/export?F=image&FORMAT=PNG32&TRANSPARENT=false&LAYERS=show%3A1%2C2&now=1487076708000&LAYERDEFS=%7B%222%22%3A%22(state_name%20LIKE%20'%25Dako%25')%22%7D&SIZE=157%2C179&BBOX=-173.25855613587362%2C-69.66322093921872%2C-16.25855613587362%2C109.33677906078128&BBOXSR=4326&IMAGESR=4326&DPI=90"`;

exports[`aol.source.imageArcGISRest ArcGIS Online filter 1 - constructor or 1`] = `"https://sampleserver6.arcgisonline.com/arcgis/rest/services/USA/MapServer/export?F=image&FORMAT=PNG32&TRANSPARENT=false&LAYERS=show%3A1%2C2&now=1487076708000&LAYERDEFS=%7B%222%22%3A%22((state_name%20%3D%20'Washington')%20OR%20(state_name%20LIKE%20'%25Dako%25'))%22%7D&SIZE=157%2C179&BBOX=-173.25855613587362%2C-69.66322093921872%2C-16.25855613587362%2C109.33677906078128&BBOXSR=4326&IMAGESR=4326&DPI=90"`;

exports[`aol.source.imageArcGISRest ArcGIS Online filter 2 - setSourceOptions equal 1`] = `"https://sampleserver6.arcgisonline.com/arcgis/rest/services/USA/MapServer/export?F=image&FORMAT=PNG32&TRANSPARENT=false&LAYERS=show%3A1%2C2&now=1487076708000&LAYERDEFS=%7B%222%22%3A%22(state_name%20%3D%20'Washington')%22%7D&SIZE=157%2C179&BBOX=-173.25855613587362%2C-69.66322093921872%2C-16.25855613587362%2C109.33677906078128&BBOXSR=4326&IMAGESR=4326&DPI=90"`;

exports[`aol.source.imageArcGISRest ArcGIS Online filter 2 - setSourceOptions like 1`] = `"https://sampleserver6.arcgisonline.com/arcgis/rest/services/USA/MapServer/export?F=image&FORMAT=PNG32&TRANSPARENT=false&LAYERS=show%3A1%2C2&now=1487076708000&LAYERDEFS=%7B%222%22%3A%22(state_name%20LIKE%20'%25Dako%25')%22%7D&SIZE=157%2C179&BBOX=-173.25855613587362%2C-69.66322093921872%2C-16.25855613587362%2C109.33677906078128&BBOXSR=4326&IMAGESR=4326&DPI=90"`;

exports[`aol.source.imageArcGISRest ArcGIS Online filter 2 - setSourceOptions or 1`] = `"https://sampleserver6.arcgisonline.com/arcgis/rest/services/USA/MapServer/export?F=image&FORMAT=PNG32&TRANSPARENT=false&LAYERS=show%3A1%2C2&now=1487076708000&LAYERDEFS=%7B%222%22%3A%22((state_name%20%3D%20'Washington')%20OR%20(state_name%20LIKE%20'%25Dako%25'))%22%7D&SIZE=157%2C179&BBOX=-173.25855613587362%2C-69.66322093921872%2C-16.25855613587362%2C109.33677906078128&BBOXSR=4326&IMAGESR=4326&DPI=90"`;

exports[`aol.source.imageArcGISRest ArcGIS Online filter 3 - both  1`] = `"https://sampleserver6.arcgisonline.com/arcgis/rest/services/USA/MapServer/export?F=image&FORMAT=PNG32&TRANSPARENT=false&LAYERS=show%3A2&now=1487076708000&LAYERDEFS=%7B%222%22%3A%22((state_name%20LIKE%20'%25Dako%25')%20AND%20(state_name%20LIKE%20'North%25'))%22%7D&SIZE=157%2C179&BBOX=-173.25855613587362%2C-69.66322093921872%2C-16.25855613587362%2C109.33677906078128&BBOXSR=4326&IMAGESR=4326&DPI=90"`;

exports[`aol.source.imageArcGISRest ArcGIS Online filter 3 - both  2`] = `"https://sampleserver6.arcgisonline.com/arcgis/rest/services/USA/MapServer/export?F=image&FORMAT=PNG32&TRANSPARENT=false&LAYERS=show%3A2&now=1487076708000&LAYERDEFS=%7B%222%22%3A%22((state_name%20LIKE%20'%25Dako%25')%20AND%20(state_name%20%3D%20'Washington'))%22%7D&SIZE=157%2C179&BBOX=-173.25855613587362%2C-69.66322093921872%2C-16.25855613587362%2C109.33677906078128&BBOXSR=4326&IMAGESR=4326&DPI=90"`;
